Mar-08 10:43:46.815 [main] DEBUG nextflow.cli.Launcher - $> nextflow run tmp_test_gffcmp.nf -stub-run --outdir results -profile singularity
Mar-08 10:43:46.853 [main] INFO  nextflow.cli.CmdRun - N E X T F L O W  ~  version 25.10.2
Mar-08 10:43:46.863 [main] DEBUG nextflow.plugin.PluginsFacade - Setting up plugin manager > mode=prod; embedded=false; plugins-dir=/Users/jackt/.nextflow/plugins; core-plugins: nf-amazon@3.4.2,nf-azure@1.20.2,nf-cloudcache@0.5.0,nf-codecommit@0.5.0,nf-console@1.3.0,nf-google@1.23.3,nf-k8s@1.2.2,nf-tower@1.17.3,nf-wave@1.16.1
Mar-08 10:43:46.876 [main] INFO  o.pf4j.DefaultPluginStatusProvider - Enabled plugins: []
Mar-08 10:43:46.876 [main] INFO  o.pf4j.DefaultPluginStatusProvider - Disabled plugins: []
Mar-08 10:43:46.877 [main] INFO  org.pf4j.DefaultPluginManager - PF4J version 3.12.0 in 'deployment' mode
Mar-08 10:43:46.885 [main] DEBUG nextflow.util.RetryConfig - Missing nextflow session - using default retry config
Mar-08 10:43:46.973 [main] INFO  org.pf4j.AbstractPluginManager - No plugins
Mar-08 10:43:47.006 [main] DEBUG nextflow.plugin.PluginsFacade - Plugins default=[]
Mar-08 10:43:47.006 [main] DEBUG nextflow.plugin.PluginsFacade - Plugins resolved requirement=[nf-tower@1.17.3]
Mar-08 10:43:47.237 [main] DEBUG n.plugin.HttpPluginRepository - Registry request: https://registry.nextflow.io/api/v1/plugins/dependencies?plugins=nf-tower%401.17.3&nextflowVersion=25.10.2
- code: 200
- body: {"plugins":[{"id":"nf-tower","releases":[{"version":"1.17.3","url":"https://registry.nextflow.io/api/v1/plugins/nf-tower/1.17.3/download/nf-tower-1.17.3.zip","date":"2025-11-28T19:27:13.005298Z","sha512sum":"d07798f2a885dab0bb99f4a90fc1e75a2e1d88ad7c3277335b5a66511c99052a1d9846e68eb77897782b88238fdbc8c2b6ec6fbb0d6b56da429f28f47943b053","requires":">=25.09.2-edge","dependsOn":[],"status":"PUBLISHED"}],"projectUrl":"https://github.com/nextflow-io/nf-tower","provider":"nextflow-io"}]}
Mar-08 10:43:47.257 [main] DEBUG nextflow.plugin.PluginUpdater - Installing plugin nf-tower version: 1.17.3
Mar-08 10:43:47.263 [main] INFO  org.pf4j.AbstractPluginManager - Plugin 'nf-tower@1.17.3' resolved
Mar-08 10:43:47.264 [main] INFO  org.pf4j.AbstractPluginManager - Start plugin 'nf-tower@1.17.3'
Mar-08 10:43:47.271 [main] DEBUG nextflow.plugin.BasePlugin - Plugin started nf-tower@1.17.3
Mar-08 10:43:47.283 [main] DEBUG n.secret.LocalSecretsProvider - Secrets store: /Users/jackt/.nextflow/secrets/store.json
Mar-08 10:43:47.288 [main] DEBUG nextflow.secret.SecretsLoader - Discovered secrets providers: [nextflow.secret.LocalSecretsProvider@7be71476] - activable => nextflow.secret.LocalSecretsProvider@7be71476
Mar-08 10:43:47.289 [main] DEBUG nextflow.cli.CmdRun - Applied DSL=2 from script declaration
Mar-08 10:43:47.297 [main] INFO  nextflow.cli.CmdRun - Launching `tmp_test_gffcmp.nf` [confident_meninsky] DSL2 - revision: 2f63b6e693
Mar-08 10:43:47.322 [main] DEBUG nextflow.Session - Session UUID: 9ec4efb7-e4fa-4077-8a85-93377690ca09
Mar-08 10:43:47.322 [main] DEBUG nextflow.Session - Run name: confident_meninsky
Mar-08 10:43:47.322 [main] DEBUG nextflow.Session - Executor pool size: 12
Mar-08 10:43:47.326 [main] DEBUG nextflow.file.FilePorter - File porter settings maxRetries=3; maxTransfers=50; pollTimeout=null
Mar-08 10:43:47.328 [main] DEBUG nextflow.util.ThreadPoolBuilder - Creating thread pool 'FileTransfer' minSize=10; maxSize=36; workQueue=LinkedBlockingQueue[-1]; allowCoreThreadTimeout=false
Mar-08 10:43:47.445 [main] DEBUG nextflow.cli.CmdRun - 
  Version: 25.10.2 build 10555
  Created: 28-11-2025 19:24 UTC (19:24 BST)
  System: Mac OS X 26.3.1
  Runtime: Groovy 4.0.28 on OpenJDK 64-Bit Server VM 17.0.14+7-LTS
  Encoding: UTF-8 (UTF-8)
  Process: 37048@JK9GCJK95J [192.168.0.16]
  CPUs: 12 - Mem: 24 GB (74.9 MB) - Swap: 11 GB (795.8 MB)
Mar-08 10:43:47.452 [main] DEBUG nextflow.Session - Work-dir: /Users/jackt/projects/hprc-qc/work [Mac OS X]
Mar-08 10:43:47.452 [main] DEBUG nextflow.Session - Script base path does not exist or is not a directory: /Users/jackt/projects/hprc-qc/bin
Mar-08 10:43:47.458 [main] DEBUG nextflow.executor.ExecutorFactory - Extension executors providers=[]
Mar-08 10:43:47.463 [main] DEBUG nextflow.Session - Observer factory (v2): LinObserverFactory
Mar-08 10:43:47.464 [main] DEBUG nextflow.Session - Observer factory (v2): DefaultObserverFactory
Mar-08 10:43:47.467 [main] DEBUG nextflow.Session - Observer factory (v2): TowerFactory
Mar-08 10:43:47.484 [main] DEBUG nextflow.cache.CacheFactory - Using Nextflow cache factory: nextflow.cache.DefaultCacheFactory
Mar-08 10:43:47.489 [main] DEBUG nextflow.util.CustomThreadPool - Creating default thread pool > poolSize: 13; maxThreads: 1000
Mar-08 10:43:47.514 [main] DEBUG nextflow.Session - Session start
Mar-08 10:43:47.733 [main] DEBUG nextflow.script.ScriptRunner - > Launching execution
Mar-08 10:43:47.987 [main] DEBUG nextflow.executor.ExecutorFactory - << taskConfig executor: null
Mar-08 10:43:47.987 [main] DEBUG nextflow.executor.ExecutorFactory - >> processorType: 'local'
Mar-08 10:43:47.990 [main] DEBUG nextflow.executor.Executor - [warm up] executor > local
Mar-08 10:43:47.992 [main] DEBUG n.processor.LocalPollingMonitor - Creating local task monitor for executor 'local' > cpus=12; memory=24 GB; capacity=12; pollInterval=100ms; dumpInterval=5m
Mar-08 10:43:47.994 [main] DEBUG n.processor.TaskPollingMonitor - >>> barrier register (monitor: local)
Mar-08 10:43:48.007 [main] DEBUG nextflow.processor.TaskProcessor - Creating process 'ENS_GFF_TO_GTF': maxForks=0; fair=false; array=0
Mar-08 10:43:48.022 [main] DEBUG nextflow.executor.ExecutorFactory - << taskConfig executor: null
Mar-08 10:43:48.022 [main] DEBUG nextflow.executor.ExecutorFactory - >> processorType: 'local'
Mar-08 10:43:48.026 [main] DEBUG nextflow.processor.TaskProcessor - Creating process 'CAT_GFF_TO_GTF': maxForks=0; fair=false; array=0
Mar-08 10:43:48.047 [main] DEBUG nextflow.executor.ExecutorFactory - << taskConfig executor: null
Mar-08 10:43:48.047 [main] DEBUG nextflow.executor.ExecutorFactory - >> processorType: 'local'
Mar-08 10:43:48.047 [main] DEBUG nextflow.processor.TaskProcessor - Creating process 'GFFCOMPARE_RUN': maxForks=0; fair=false; array=0
Mar-08 10:43:48.048 [main] DEBUG nextflow.executor.ExecutorFactory - << taskConfig executor: null
Mar-08 10:43:48.049 [main] DEBUG nextflow.executor.ExecutorFactory - >> processorType: 'local'
Mar-08 10:43:48.049 [main] DEBUG nextflow.processor.TaskProcessor - Creating process 'GFFCOMPARE_PARSE': maxForks=0; fair=false; array=0
Mar-08 10:43:48.050 [main] DEBUG nextflow.Session - Workflow process names [dsl2]: GFFCOMPARE_PARSE, GFFCOMPARE_RUN, CAT_GFF_TO_GTF, GFF_TO_GTF, ENS_GFF_TO_GTF
Mar-08 10:43:48.050 [main] DEBUG nextflow.Session - Igniting dataflow network (6)
Mar-08 10:43:48.051 [main] DEBUG nextflow.processor.TaskProcessor - Starting process > ENS_GFF_TO_GTF
Mar-08 10:43:48.051 [main] DEBUG nextflow.processor.TaskProcessor - Starting process > CAT_GFF_TO_GTF
Mar-08 10:43:48.051 [main] DEBUG nextflow.processor.TaskProcessor - Starting process > GFFCOMPARE_RUN
Mar-08 10:43:48.051 [main] DEBUG nextflow.processor.TaskProcessor - Starting process > GFFCOMPARE_PARSE
Mar-08 10:43:48.051 [main] DEBUG nextflow.script.ScriptRunner - Parsed script files:
  Script_413e50cbe8e6138f: /Users/jackt/projects/hprc-qc/nextflow/pipelines/ensembl_cat_comparison/modules/gff_to_gtf/main.nf
  Script_a2f61086adf22bc8: /Users/jackt/projects/hprc-qc/tmp_test_gffcmp.nf
  Script_148fd6992d8b0ca9: /Users/jackt/projects/hprc-qc/nextflow/pipelines/ensembl_cat_comparison/modules/gffcompare_parse/main.nf
  Script_225d3eab4f99435b: /Users/jackt/projects/hprc-qc/nextflow/pipelines/ensembl_cat_comparison/modules/gffcompare_run/main.nf
Mar-08 10:43:48.051 [main] DEBUG nextflow.script.ScriptRunner - > Awaiting termination 
Mar-08 10:43:48.051 [main] DEBUG nextflow.Session - Session await
Mar-08 10:43:48.110 [Task submitter] DEBUG n.executor.local.LocalTaskHandler - Launch cmd line: /bin/bash -ue .command.run
Mar-08 10:43:48.111 [Task submitter] INFO  nextflow.Session - [25/41db2d] Submitted process > CAT_GFF_TO_GTF (GCA_TEST_CHM13)
Mar-08 10:43:48.114 [Task submitter] DEBUG n.executor.local.LocalTaskHandler - Launch cmd line: /bin/bash -ue .command.run
Mar-08 10:43:48.115 [Task submitter] INFO  nextflow.Session - [85/31a85d] Submitted process > ENS_GFF_TO_GTF (GCA_TEST_CHM13)
Mar-08 10:43:48.164 [Task monitor] DEBUG n.processor.TaskPollingMonitor - Task completed > TaskHandler[id: 2; name: CAT_GFF_TO_GTF (GCA_TEST_CHM13); status: COMPLETED; exit: 0; error: -; workDir: /Users/jackt/projects/hprc-qc/work/25/41db2d6877fbe5d7df2150640e9103]
Mar-08 10:43:48.164 [Task monitor] DEBUG nextflow.util.ThreadPoolBuilder - Creating thread pool 'TaskFinalizer' minSize=10; maxSize=36; workQueue=LinkedBlockingQueue[-1]; allowCoreThreadTimeout=false
Mar-08 10:43:48.165 [Task monitor] DEBUG n.processor.TaskPollingMonitor - Task completed > TaskHandler[id: 1; name: ENS_GFF_TO_GTF (GCA_TEST_CHM13); status: COMPLETED; exit: 0; error: -; workDir: /Users/jackt/projects/hprc-qc/work/85/31a85d496affddf19ffcc7c306071a]
Mar-08 10:43:48.179 [TaskFinalizer-1] DEBUG nextflow.util.ThreadPoolBuilder - Creating thread pool 'PublishDir' minSize=10; maxSize=36; workQueue=LinkedBlockingQueue[-1]; allowCoreThreadTimeout=false
Mar-08 10:43:48.184 [Task submitter] DEBUG n.executor.local.LocalTaskHandler - Launch cmd line: /bin/bash -ue .command.run
Mar-08 10:43:48.184 [Task submitter] INFO  nextflow.Session - [93/fe49c0] Submitted process > GFFCOMPARE_RUN (GCA_TEST_CHM13_CAT_to_Ensembl)
Mar-08 10:43:48.187 [Task submitter] DEBUG n.executor.local.LocalTaskHandler - Launch cmd line: /bin/bash -ue .command.run
Mar-08 10:43:48.187 [Task submitter] INFO  nextflow.Session - [56/34e091] Submitted process > GFFCOMPARE_RUN (GCA_TEST_CHM13_Ensembl_to_CAT)
Mar-08 10:43:48.228 [Task monitor] DEBUG n.processor.TaskPollingMonitor - Task completed > TaskHandler[id: 4; name: GFFCOMPARE_RUN (GCA_TEST_CHM13_CAT_to_Ensembl); status: COMPLETED; exit: 0; error: -; workDir: /Users/jackt/projects/hprc-qc/work/93/fe49c07d49625ca18995ecad36e009]
Mar-08 10:43:48.229 [Task monitor] DEBUG n.processor.TaskPollingMonitor - Task completed > TaskHandler[id: 3; name: GFFCOMPARE_RUN (GCA_TEST_CHM13_Ensembl_to_CAT); status: COMPLETED; exit: 0; error: -; workDir: /Users/jackt/projects/hprc-qc/work/56/34e0919a012130aeabdd5952641faf]
Mar-08 10:43:48.235 [Actor Thread 13] WARN  nextflow.script.ScriptBinding - Access to undefined parameter `coreutils_container` -- Initialise it to a default value eg. `params.coreutils_container = some_value`
Mar-08 10:43:48.238 [Task submitter] DEBUG n.executor.local.LocalTaskHandler - Launch cmd line: /bin/bash -ue .command.run
Mar-08 10:43:48.238 [Task submitter] INFO  nextflow.Session - [32/7a1b2e] Submitted process > GFFCOMPARE_PARSE (GCA_TEST_CHM13_CAT_to_Ensembl)
Mar-08 10:43:48.240 [Task submitter] DEBUG n.executor.local.LocalTaskHandler - Launch cmd line: /bin/bash -ue .command.run
Mar-08 10:43:48.241 [Task submitter] INFO  nextflow.Session - [3a/54f69a] Submitted process > GFFCOMPARE_PARSE (GCA_TEST_CHM13_Ensembl_to_CAT)
Mar-08 10:43:48.272 [Task monitor] DEBUG n.processor.TaskPollingMonitor - Task completed > TaskHandler[id: 5; name: GFFCOMPARE_PARSE (GCA_TEST_CHM13_CAT_to_Ensembl); status: COMPLETED; exit: 0; error: -; workDir: /Users/jackt/projects/hprc-qc/work/32/7a1b2e9f8296bca00af8d145e9331a]
Mar-08 10:43:48.272 [Task monitor] DEBUG n.processor.TaskPollingMonitor - Task completed > TaskHandler[id: 6; name: GFFCOMPARE_PARSE (GCA_TEST_CHM13_Ensembl_to_CAT); status: COMPLETED; exit: 0; error: -; workDir: /Users/jackt/projects/hprc-qc/work/3a/54f69ae592f03bb7784eaad1bda803]
Mar-08 10:43:48.275 [main] DEBUG nextflow.Session - Session await > all processes finished
Mar-08 10:43:48.377 [Task monitor] DEBUG n.processor.TaskPollingMonitor - <<< barrier arrives (monitor: local) - terminating tasks monitor poll loop
Mar-08 10:43:48.377 [main] DEBUG nextflow.Session - Session await > all barriers passed
Mar-08 10:43:48.378 [main] DEBUG nextflow.util.ThreadPoolManager - Thread pool 'TaskFinalizer' shutdown completed (hard=false)
Mar-08 10:43:48.593 [PublishDir-2] DEBUG nextflow.processor.PublishDir - Failed to publish file: /Users/jackt/projects/hprc-qc/work/85/31a85d496affddf19ffcc7c306071a/gff_to_gtf/GCA_TEST.CHM13.gtf; to: /Users/jackt/projects/hprc-qc/results/qc_metrics/GCA_TEST/gff_to_gtf/GCA_TEST.CHM13.gtf [copy] -- attempt: 1; reason: /Users/jackt/projects/hprc-qc/results/qc_metrics/GCA_TEST/gff_to_gtf/GCA_TEST.CHM13.gtf
Mar-08 10:43:48.594 [main] DEBUG nextflow.util.ThreadPoolManager - Thread pool 'PublishDir' shutdown completed (hard=false)
Mar-08 10:43:48.602 [main] DEBUG n.trace.WorkflowStatsObserver - Workflow completed > WorkflowStats[succeededCount=6; failedCount=0; ignoredCount=0; cachedCount=0; pendingCount=0; submittedCount=0; runningCount=0; retriesCount=0; abortedCount=0; succeedDuration=3ms; failedDuration=0ms; cachedDuration=0ms;loadCpus=0; loadMemory=0; peakRunning=2; peakCpus=2; peakMemory=0; ]
Mar-08 10:43:48.606 [main] DEBUG nextflow.cache.CacheDB - Closing CacheDB done
Mar-08 10:43:48.616 [main] INFO  org.pf4j.AbstractPluginManager - Stop plugin 'nf-tower@1.17.3'
Mar-08 10:43:48.616 [main] DEBUG nextflow.plugin.BasePlugin - Plugin stopped nf-tower
Mar-08 10:43:48.617 [main] DEBUG nextflow.util.ThreadPoolManager - Thread pool 'FileTransfer' shutdown completed (hard=false)
Mar-08 10:43:48.617 [main] DEBUG nextflow.script.ScriptRunner - > Execution complete -- Goodbye
